// Vitest Snapshot v1, https://vitest.dev/guide/snapshot.html

exports[`serializeShellDoctrineManifest > matches snapshot for pretty JSON (vocabulary lists) 1`] = `
"{
  "manifestVersion": "1",
  "componentRegistryKeys": [
    "shell-action-slot",
    "shell-breadcrumbs",
    "shell-content",
    "shell-degraded-frame",
    "shell-empty-state-frame",
    "shell-header",
    "shell-loading-frame",
    "shell-overlay-container",
    "shell-popover-content",
    "shell-root",
    "shell-search-bar",
    "shell-sidebar",
    "shell-tenant-switcher",
    "shell-title",
    "shell-workspace-switcher"
  ],
  "slotIds": [
    "root.frame",
    "header.frame",
    "header.leading",
    "header.breadcrumbs",
    "header.center",
    "header.trailing",
    "sidebar.frame",
    "sidebar.primary",
    "sidebar.secondary",
    "content.frame",
    "content.banner",
    "content.toolbar",
    "content.main",
    "overlay.frame",
    "overlay.global",
    "overlay.command"
  ],
  "stateKeys": [
    "sidebar.collapsed",
    "overlay.stack",
    "command.palette.open"
  ],
  "validationPipeline": [
    "validateShellRegistry",
    "validateShellPolicyConsistency",
    "validateShellStatePolicy",
    "validateShellRuntimeContracts"
  ]
}"
`;
